// Jest Snapshot v1, https://goo.gl/fbAQLP

exports[`<Image /> Render component 1`] = `null`;
